facb6a   AcademyPSCyr-Bold "T2AAdobeEncoding ReEncodeFont" <t2a.enc <acade3.pfb
facbo6a  AcademyPSCyr-Bold ".167 SlantFont T2AAdobeEncoding ReEncodeFont" <t2a.enc <acade3.pfb
facr6a   AcademyPSCyr-Regular "T2AAdobeEncoding ReEncodeFont" <t2a.enc <acade2.pfb
facri6a  AcademyPSCyr-Italic "T2AAdobeEncoding ReEncodeFont" <t2a.enc <acade1.pfb
facro6a  AcademyPSCyr-Regular ".167 SlantFont T2AAdobeEncoding ReEncodeFont" <t2a.enc <acade2.pfb
fadr6a   AdvertisementPSCyr "T2AAdobeEncoding ReEncodeFont" <t2a.enc <adver4.pfb
faqb6a   AntiquaPSCyr-Bold "T2AAdobeEncoding ReEncodeFont" <t2a.enc <antiq7.pfb
faqbi6a  AntiquaPSCyr-BoldItalic "T2AAdobeEncoding ReEncodeFont" <t2a.enc <antiq4.pfb
faqbo6a  AntiquaPSCyr-Bold ".167 SlantFont T2AAdobeEncoding ReEncodeFont" <t2a.enc <antiq7.pfb
faqr6a   AntiquaPSCyr-Regular "T2AAdobeEncoding ReEncodeFont" <t2a.enc <antiq6.pfb
faqri6a  AntiquaPSCyr-Italic "T2AAdobeEncoding ReEncodeFont" <t2a.enc <antiq5.pfb
faqro6a  AntiquaPSCyr-Regular ".167 SlantFont T2AAdobeEncoding ReEncodeFont" <t2a.enc <antiq6.pfb
farb6a   ArialMT-Bold "T2AAdobeEncoding ReEncodeFont" <t2a.enc <arialbd.pfb
farbe6a  ArialMT-Black "T2AAdobeEncoding ReEncodeFont" <t2a.enc <ariale.pfb
farbi6a  ArialMT-BoldItalic "T2AAdobeEncoding ReEncodeFont" <t2a.enc <arialbi.pfb
farbo6a  ArialMT-Bold ".167 SlantFont T2AAdobeEncoding ReEncodeFont" <t2a.enc <arialbd.pfb
farr6a   ArialMT-Regular "T2AAdobeEncoding ReEncodeFont" <t2a.enc <arial.pfb
farri6a  ArialMT-Italic "T2AAdobeEncoding ReEncodeFont" <t2a.enc <ariali.pfb
farro6a  ArialMT-Regular ".167 SlantFont T2AAdobeEncoding ReEncodeFont" <t2a.enc <arial.pfb
fcob6a   CollegePSCyr-Bold "T2AAdobeEncoding ReEncodeFont" <t2a.enc <colle10.pfb
fcobo6a  CollegePSCyr-Bold ".167 SlantFont T2AAdobeEncoding ReEncodeFont" <t2a.enc <colle10.pfb
fcor6a   CollegePSCyr-Regular "T2AAdobeEncoding ReEncodeFont" <t2a.enc <colle9.pfb
fcori6a  CollegePSCyr-Italic "T2AAdobeEncoding ReEncodeFont" <t2a.enc <colle8.pfb
fcoro6a  CollegePSCyr-Regular ".167 SlantFont T2AAdobeEncoding ReEncodeFont" <t2a.enc <colle9.pfb
fcpr6a   CooperPSCyr "T2AAdobeEncoding ReEncodeFont" <t2a.enc <cooper.pfb
fcrb6a   CourierNewPSMT-Bold "T2AAdobeEncoding ReEncodeFont" <t2a.enc <courbd.pfb
fcrbi6a  CourierNewPSMT-BoldItalic "T2AAdobeEncoding ReEncodeFont" <t2a.enc <courbi.pfb
fcrr6a   CourierNewPSMT-Regular "T2AAdobeEncoding ReEncodeFont" <t2a.enc <cour.pfb
fcrri6a  CourierNewPSMT-Italic "T2AAdobeEncoding ReEncodeFont" <t2a.enc <couri.pfb
ferb6a   ERKurierPSCyr-Bold "T2AAdobeEncoding ReEncodeFont" <t2a.enc <ercourb.pfb
ferbi6a  ERKurierPSCyr-BoldItalic "T2AAdobeEncoding ReEncodeFont" <t2a.enc <ercourbi.pfb
ferr6a   ERKurierPSCyr-Regular "T2AAdobeEncoding ReEncodeFont" <t2a.enc <ercour.pfb
ferri6a  ERKurierPSCyr-Italic "T2AAdobeEncoding ReEncodeFont" <t2a.enc <ercouri.pfb
fhab6a   HandbookPSCyr-Bold "T2AAdobeEncoding ReEncodeFont" <t2a.enc <handb13.pfb
fhabo6a  HandbookPSCyr-Bold ".167 SlantFont T2AAdobeEncoding ReEncodeFont" <t2a.enc <handb13.pfb
fhar6a   HandbookPSCyr-Regular "T2AAdobeEncoding ReEncodeFont" <t2a.enc <handb12.pfb
fhari6a  HandbookPSCyr-Italic "T2AAdobeEncoding ReEncodeFont" <t2a.enc <handb11.pfb
fharo6a  HandbookPSCyr-Regular ".167 SlantFont T2AAdobeEncoding ReEncodeFont" <t2a.enc <handb12.pfb
fjnb6a   JournalPSCyr-Bold "T2AAdobeEncoding ReEncodeFont" <t2a.enc <journb.pfb
fjnbo6a  JournalPSCyr-Bold ".167 SlantFont T2AAdobeEncoding ReEncodeFont" <t2a.enc <journb.pfb
fjnr6a   JournalPSCyr-Regular "T2AAdobeEncoding ReEncodeFont" <t2a.enc <journ.pfb
fjnri6a  JournalPSCyr-Italic "T2AAdobeEncoding ReEncodeFont" <t2a.enc <journi.pfb
fjnro6a  JournalPSCyr-Regular ".167 SlantFont T2AAdobeEncoding ReEncodeFont" <t2a.enc <journ.pfb
flzr6a   Lazurski "T2AAdobeEncoding ReEncodeFont" <t2a.enc <lazur14.pfb
flzro6a  Lazurski ".167 SlantFont T2AAdobeEncoding ReEncodeFont" <t2a.enc <lazur14.pfb
fmab6a   MagazinePSCyr-Bold "T2AAdobeEncoding ReEncodeFont" <t2a.enc <magaz17.pfb
fmabo6a  MagazinePSCyr-Bold ".167 SlantFont T2AAdobeEncoding ReEncodeFont" <t2a.enc <magaz17.pfb
fmar6a   MagazinePSCyr-Regular "T2AAdobeEncoding ReEncodeFont" <t2a.enc <magaz16.pfb
fmari6a  MagazinePSCyr-Italic "T2AAdobeEncoding ReEncodeFont" <t2a.enc <magaz15.pfb
fmaro6a  MagazinePSCyr-Regular ".167 SlantFont T2AAdobeEncoding ReEncodeFont" <t2a.enc <magaz16.pfb
ftmb6a   TimesNewRomanPSMT-Bold "T2AAdobeEncoding ReEncodeFont" <t2a.enc <timesbd.pfb
ftmbi6a  TimesNewRomanPSMT-BoldItalic "T2AAdobeEncoding ReEncodeFont" <t2a.enc <timesbi.pfb
ftmbo6a  TimesNewRomanPSMT-Bold ".167 SlantFont T2AAdobeEncoding ReEncodeFont" <t2a.enc <timesbd.pfb
ftmr6a   TimesNewRomanPSMT-Regular "T2AAdobeEncoding ReEncodeFont" <t2a.enc <times.pfb
ftmri6a  TimesNewRomanPSMT-Italic "T2AAdobeEncoding ReEncodeFont" <t2a.enc <timesi.pfb
ftmro6a  TimesNewRomanPSMT-Regular ".167 SlantFont T2AAdobeEncoding ReEncodeFont" <t2a.enc <times.pfb
ftxb6a   TextbookPSCyr-Bold "T2AAdobeEncoding ReEncodeFont" <t2a.enc <textb20.pfb
ftxbo6a  TextbookPSCyr-Bold ".167 SlantFont T2AAdobeEncoding ReEncodeFont" <t2a.enc <textb20.pfb
ftxr6a   TextbookPSCyr-Regular "T2AAdobeEncoding ReEncodeFont" <t2a.enc <textb19.pfb
ftxri6a  TextbookPSCyr-Italic "T2AAdobeEncoding ReEncodeFont" <t2a.enc <textb18.pfb
ftxro6a  TextbookPSCyr-Regular ".167 SlantFont T2AAdobeEncoding ReEncodeFont" <t2a.enc <textb19.pfb
